\BOOKMARK [1][-]{section*.1}{\376\377\000R\000e\000s\000u\000m\000e\000n}{}% 1
\BOOKMARK [1][-]{section.1}{\376\377\0001\000\040\000I\000n\000t\000r\000o\000d\000u\000c\000c\000i\000\363\000n}{}% 2
\BOOKMARK [1][-]{section.2}{\376\377\0002\000\040\000M\000a\000r\000c\000o\000\040\000t\000e\000\363\000r\000i\000c\000o\000\040\000y\000\040\000t\000r\000a\000b\000a\000j\000o\000s\000\040\000r\000e\000l\000a\000c\000i\000o\000n\000a\000d\000o\000s}{}% 3
\BOOKMARK [2][-]{subsection.2.1}{\376\377\0002\000.\0001\000\040\000P\000a\000t\000r\000\363\000n\000\040\000d\000e\000\040\000d\000i\000s\000e\000\361\000o}{section.2}% 4
\BOOKMARK [2][-]{subsection.2.2}{\376\377\0002\000.\0002\000\040\000A\000r\000q\000u\000i\000t\000e\000c\000t\000u\000r\000a\000\040\000d\000e\000\040\000s\000o\000f\000t\000w\000a\000r\000e\000\040\000y\000\040\000s\000e\000g\000u\000r\000i\000d\000a\000d}{section.2}% 5
\BOOKMARK [2][-]{subsection.2.3}{\376\377\0002\000.\0003\000\040\000M\000o\000d\000e\000l\000o\000-\000V\000i\000s\000t\000a\000-\000C\000o\000n\000t\000r\000o\000l\000a\000d\000o\000r\000\040\000\050\000M\000V\000C\000\051}{section.2}% 6
\BOOKMARK [2][-]{subsection.2.4}{\376\377\0002\000.\0004\000\040\000S\000e\000r\000v\000i\000c\000i\000o\000s\000\040\000W\000e\000b\000\040\000R\000E\000S\000T\000f\000u\000l\000\040\000\050\000B\000a\000c\000k\000e\000n\000d\000\051}{section.2}% 7
\BOOKMARK [2][-]{subsection.2.5}{\376\377\0002\000.\0005\000\040\000F\000r\000a\000m\000e\000w\000o\000r\000k\000s\000\040\000B\000a\000c\000k\000e\000n\000d\000:\000\040\000S\000p\000r\000i\000n\000g\000\040\000B\000o\000o\000t\000\040\000v\000s\000\040\000N\000o\000d\000e\000.\000j\000s}{section.2}% 8
\BOOKMARK [1][-]{section.3}{\376\377\0003\000\040\000M\000e\000t\000o\000d\000o\000l\000o\000g\000\355\000a\000\040\000d\000e\000\040\000i\000n\000v\000e\000s\000t\000i\000g\000a\000c\000i\000\363\000n\000\040\000a\000p\000l\000i\000c\000a\000d\000a}{}% 9
\BOOKMARK [2][-]{subsection.3.1}{\376\377\0003\000.\0001\000\040\000F\000a\000s\000e\000\040\0001\000:\000\040\000R\000e\000c\000o\000l\000e\000c\000c\000i\000\363\000n\000\040\000y\000\040\000c\000o\000n\000s\000t\000r\000u\000c\000c\000i\000\363\000n\000\040\000d\000e\000l\000\040\000t\000h\000e\000s\000a\000u\000r\000u\000s}{section.3}% 10
\BOOKMARK [2][-]{subsection.3.2}{\376\377\0003\000.\0002\000\040\000F\000a\000s\000e\000\040\0002\000:\000\040\000A\000n\000\341\000l\000i\000s\000i\000s\000\040\000c\000u\000a\000l\000i\000t\000a\000t\000i\000v\000o\000\040\000d\000e\000\040\000l\000a\000\040\000e\000v\000i\000d\000e\000n\000c\000i\000a\000\040\000\050\000s\000\355\000n\000t\000e\000s\000i\000s\000\040\000d\000e\000l\000\040\000t\000h\000e\000s\000a\000u\000r\000u\000s\000\051}{section.3}% 11
\BOOKMARK [2][-]{subsection.3.3}{\376\377\0003\000.\0003\000\040\000F\000a\000s\000e\000\040\0003\000:\000\040\000D\000i\000s\000e\000\361\000o\000\040\000y\000\040\000d\000e\000s\000a\000r\000r\000o\000l\000l\000o\000\040\000d\000e\000l\000\040\000s\000i\000s\000t\000e\000m\000a}{section.3}% 12
\BOOKMARK [1][-]{section.4}{\376\377\0004\000\040\000I\000m\000p\000l\000e\000m\000e\000n\000t\000a\000c\000i\000\363\000n\000\040\000d\000e\000l\000\040\000s\000o\000f\000t\000w\000a\000r\000e}{}% 13
\BOOKMARK [2][-]{subsection.4.1}{\376\377\0004\000.\0001\000\040\000C\000.\000\040\000F\000a\000s\000e\000\040\0003\000-\000\040\000D\000i\000s\000e\000\361\000o\000\040\000y\000\040\000d\000e\000s\000a\000r\000r\000o\000l\000l\000o\000\040\000d\000e\000l\000\040\000s\000i\000s\000t\000e\000m\000a}{section.4}% 14
\BOOKMARK [1][-]{section.5}{\376\377\0005\000\040\000E\000v\000a\000l\000u\000a\000c\000i\000\363\000n\000\040\000y\000\040\000r\000e\000s\000u\000l\000t\000a\000d\000o\000s}{}% 15
\BOOKMARK [2][-]{subsection.5.1}{\376\377\0005\000.\0001\000\040\000R\000e\000s\000u\000l\000t\000a\000d\000o\000s\000\040\000e\000n\000\040\000l\000a\000\040\000a\000r\000q\000u\000i\000t\000e\000c\000t\000u\000r\000a\000\040\000y\000\040\000e\000l\000\040\000d\000e\000s\000a\000r\000r\000o\000l\000l\000o\000\040\000d\000e\000l\000\040\000s\000i\000s\000t\000e\000m\000a\000\040\000B\000a\000c\000k\000e\000n\000d}{section.5}% 16
\BOOKMARK [2][-]{subsection.5.2}{\376\377\0005\000.\0002\000\040\000R\000e\000s\000u\000l\000t\000a\000d\000o\000s\000\040\000e\000n\000\040\000l\000a\000\040\000a\000p\000l\000i\000c\000a\000c\000i\000\363\000n\000\040\000d\000e\000\040\000l\000a\000\040\000m\000e\000t\000o\000d\000o\000l\000o\000g\000\355\000a\000\040\000\341\000g\000i\000l\000\040\000\050\000S\000c\000r\000u\000m\000\051}{section.5}% 17
\BOOKMARK [1][-]{section.6}{\376\377\0006\000\040\000D\000i\000s\000c\000u\000s\000i\000\363\000n}{}% 18
\BOOKMARK [1][-]{section.7}{\376\377\0007\000\040\000C\000o\000n\000c\000l\000u\000s\000i\000o\000n\000e\000s\000\040\000y\000\040\000t\000r\000a\000b\000a\000j\000o\000\040\000f\000u\000t\000u\000r\000o}{}% 19
\BOOKMARK [1][-]{section*.14}{\376\377\000R\000e\000f\000e\000r\000e\000n\000c\000i\000a\000s}{}% 20
